sdlfkjadflkadjsf
<tmpdir_from_fixture>
sdlfkjadflkadjsf
