0x0e0x0f0x100x110x120x130x140x150x160x170x180x190x1a0x1b0x1c0x1d0x1e0x1f
